未成功重命名的文件：
wm00245272620738.jpg | 未找到对应条形码
wm00245272620738.png | 未找到对应条形码
wm00519828425153.png | 未找到对应条形码
wm01088002285479.png | 未找到对应条形码
wm01941136026562.png | 未找到对应条形码
wm02085165328014.png | 未找到对应条形码
wm05051945299054.png | 未找到对应条形码
wm06814518061054.png | 未找到对应条形码
wm07136886527422.jpg | 未找到对应条形码
wm07433578724338.png | 未找到对应条形码
wm07769436502698.jpg | 未找到对应条形码
wm07769436502698.png | 未找到对应条形码
wm08314293443170.png | 未找到对应条形码
wm08594826649608.png | 未找到对应条形码
wm10509428221286.png | 未找到对应条形码
wm10534356002540.png | 未找到对应条形码
wm10665280362895.jpg | 未找到对应条形码
wm11185354302846.png | 未找到对应条形码
wm12506471176816.png | 未找到对应条形码
wm12531694347139.png | 未找到对应条形码
wm12538454354641.png | 未找到对应条形码
wm13785504116721.png | 未找到对应条形码
wm14237719922115.png | 未找到对应条形码
wm14715798273123.jpg | 未找到对应条形码
wm15073360956029.png | 未找到对应条形码
wm15084531258887.png | 未找到对应条形码
wm15135355956017.png | 未找到对应条形码
wm15576561403747.png | 未找到对应条形码
wm15656060829055.png | 未找到对应条形码
wm15784979931487.png | 未找到对应条形码
wm16709446297251.png | 未找到对应条形码
wm18405995661051.jpg | 未找到对应条形码
wm20263332106882.png | 未找到对应条形码
wm20639805171825.jpg | 未找到对应条形码
wm20651732206205.jpg | 未找到对应条形码
wm20892091654974.png | 未找到对应条形码
wm20915636616987.jpg | 未找到对应条形码
wm22061937198465.png | 未找到对应条形码
wm22078637346944.png | 未找到对应条形码
wm22397976570225.png | 未找到对应条形码
wm23279944852512.png | 未找到对应条形码
wm24316537584230.png | 未找到对应条形码
wm24584297988543.png | 未找到对应条形码
wm25286950165812.png | 未找到对应条形码
wm25340058866833.png | 未找到对应条形码
wm26609274497467.png | 未找到对应条形码
wm27717352436941.png | 未找到对应条形码
wm28571199338007.jpg | 未找到对应条形码
wm31116464829567.png | 未找到对应条形码
wm31714996382651.png | 未找到对应条形码
wm32034593504050.png | 未找到对应条形码
wm32292203068763.png | 未找到对应条形码
wm33258163234398.png | 未找到对应条形码
wm33506621993557.png | 未找到对应条形码
wm33684099555136.png | 未找到对应条形码
wm36561736957340.png | 未找到对应条形码
wm36562059221991.png | 未找到对应条形码
wm37528711309386.jpg | 未找到对应条形码
wm38365507125745.png | 未找到对应条形码
wm40566339868439.jpg | 未找到对应条形码
wm40716261488196.png | 未找到对应条形码
wm41076499655278.jpg | 未找到对应条形码
wm41287227281210.jpg | 未找到对应条形码
wm41578317264275.png | 未找到对应条形码
wm41866808342887.png | 未找到对应条形码
wm42791081670401.png | 未找到对应条形码
wm43697929507222.png | 未找到对应条形码
wm44880404713512.png | 未找到对应条形码
wm45790421013210.png | 未找到对应条形码
wm47631898353746.png | 未找到对应条形码
wm47820881065123.png | 未找到对应条形码
wm48102518197829.png | 未找到对应条形码
wm48104768005051.png | 未找到对应条形码
wm48144648761856.png | 未找到对应条形码
wm48996231285588.png | 未找到对应条形码
wm49017418272748.png | 未找到对应条形码
wm49338657456163.png | 未找到对应条形码
wm51064461709729.png | 未找到对应条形码
wm51371506609610.jpg | 未找到对应条形码
wm52190295966103.png | 未找到对应条形码
wm52630543449078.jpg | 未找到对应条形码
wm53016728993265.png | 未找到对应条形码
wm53952258811717.png | 未找到对应条形码
wm55387486722308.png | 未找到对应条形码
wm55506987591040.png | 未找到对应条形码
wm56051120584354.png | 未找到对应条形码
wm57789768213115.png | 未找到对应条形码
wm58221872426484.png | 未找到对应条形码
wm58415998447852.png | 未找到对应条形码
wm59305536723547.png | 未找到对应条形码
wm59370694005508.jpg | 未找到对应条形码
wm59680667320526.png | 未找到对应条形码
wm60874086366390.png | 未找到对应条形码
wm61758768265066.png | 未找到对应条形码
wm61927622324216.png | 未找到对应条形码
wm62451678035115.png | 未找到对应条形码
wm62659690069353.png | 未找到对应条形码
wm62712587251086.png | 未找到对应条形码
wm63631617845661.png | 未找到对应条形码
wm67880298792089.png | 未找到对应条形码
wm70401454084687.png | 未找到对应条形码
wm71603336092057.png | 未找到对应条形码
wm74219475407253.png | 未找到对应条形码
wm74239765309277.png | 未找到对应条形码
wm76155425131953.png | 未找到对应条形码
wm77094746997875.png | 未找到对应条形码
wm77102666200873.jpg | 未找到对应条形码
wm77528403537856.png | 未找到对应条形码
wm77597596179982.png | 未找到对应条形码
wm77705400267263.png | 未找到对应条形码
wm79520514918356.jpg | 未找到对应条形码
wm80306286203279.png | 未找到对应条形码
wm81068017209584.png | 未找到对应条形码
wm81657500255871.jpg | 未找到对应条形码
wm82513764108111.png | 未找到对应条形码
wm83687445569199.jpg | 未找到对应条形码
wm83693139550014.jpg | 未找到对应条形码
wm83819705793467.png | 未找到对应条形码
wm84427409552985.png | 未找到对应条形码
wm85226894933017.png | 未找到对应条形码
wm85328141505440.png | 未找到对应条形码
wm86753604724332.png | 未找到对应条形码
wm87711065072944.png | 未找到对应条形码
wm88238079803135.png | 未找到对应条形码
wm88820110019570.png | 未找到对应条形码
wm88841803977759.png | 未找到对应条形码
wm90319619866657.png | 未找到对应条形码
wm91190722952388.png | 未找到对应条形码
wm91296195111387.jpg | 未找到对应条形码
wm91299455034613.png | 未找到对应条形码
wm91488084889185.png | 未找到对应条形码
wm92204207941201.png | 未找到对应条形码
wm92704331679980.png | 未找到对应条形码
wm92783092203213.png | 未找到对应条形码
wm93167852730980.png | 未找到对应条形码
wm94017450492488.png | 未找到对应条形码
wm94499914716279.png | 未找到对应条形码
wm94846717914309.png | 未找到对应条形码
wm95108750982053.png | 未找到对应条形码
wm95239758242109.png | 未找到对应条形码
wm97505775527562.png | 未找到对应条形码
wm98768887321316.png | 未找到对应条形码
wm98926869874826.jpg | 未找到对应条形码
wm98971256635836.png | 未找到对应条形码
wm99040092296467.png | 未找到对应条形码
wm99447975452637.jpg | 未找到对应条形码
一举夺魁.jpg | 未找到对应条形码
一见钟情.png | 未找到对应条形码
不厘不弃.png | 未找到对应条形码
小欢喜.jpg | 未找到对应条形码
小花束.jpg | 未找到对应条形码
开心莓一天.png | 未找到对应条形码
心尖回响.jpg | 未找到对应条形码
春日来信.png | 未找到对应条形码
曼塔款.png | 未找到对应条形码
永远爱你.png | 未找到对应条形码
海盐柠檬.jpg | 未找到对应条形码
粉康款.png | 未找到对应条形码
红红火火.png | 未找到对应条形码
芭蕾.png | 未找到对应条形码
草莓圣代.png | 未找到对应条形码
莓你不甜.png | 未找到对应条形码
莓有烦恼.png | 未找到对应条形码
